48 tasks; majority-class baseline overall 33.3% ({'acl': 56.2, 'bgp': 37.5, 'subnet': 6.2})
waiting for an exclusive GPU ...
  [queue] busy: [(1565117, '/mnt/data/venv_train/bin/python')]
  [queue] busy: [(1565117, '/mnt/data/venv_train/bin/python')]
  [queue] busy: [(1565117, '/mnt/data/venv_train/bin/python')]
  [queue] busy: [(1565117, '/mnt/data/venv_train/bin/python'), (1573721, '/mnt/data/venv_cu12/bin/python')]
  [queue] busy: [(1565117, '/mnt/data/venv_train/bin/python')]
  [queue] busy: [(1565117, '/mnt/data/venv_train/bin/python'), (1574177, '/mnt/data/venv_cu12/bin/python')]
  [queue] busy: [(1565117, '/mnt/data/venv_train/bin/python'), (1574177, '/mnt/data/venv_cu12/bin/python')]
  [queue] busy: [(1565117, '/mnt/data/venv_train/bin/python'), (1574177, '/mnt/data/venv_cu12/bin/python')]
  [queue] busy: [(1565117, '/mnt/data/venv_train/bin/python'), (1574177, '/mnt/data/venv_cu12/bin/python')]
  [queue] busy: [(1565117, '/mnt/data/venv_train/bin/python'), (1574177, '/mnt/data/venv_cu12/bin/python')]
  [queue] busy: [(1565117, '/mnt/data/venv_train/bin/python'), (1574177, '/mnt/data/venv_cu12/bin/python')]
  [queue] busy: [(1565117, '/mnt/data/venv_train/bin/python'), (1574177, '/mnt/data/venv_cu12/bin/python')]
  [queue] busy: [(1565117, '/mnt/data/venv_train/bin/python'), (1574177, '/mnt/data/venv_cu12/bin/python')]
  [queue] busy: [(1565117, '/mnt/data/venv_train/bin/python'), (1574177, '/mnt/data/venv_cu12/bin/python')]
  [queue] busy: [(1565117, '/mnt/data/venv_train/bin/python'), (1574177, '/mnt/data/venv_cu12/bin/python')]
  [queue] busy: [(1565117, '/mnt/data/venv_train/bin/python'), (1574177, '/mnt/data/venv_cu12/bin/python')]
  [queue] busy: [(1565117, '/mnt/data/venv_train/bin/python'), (1574177, '/mnt/data/venv_cu12/bin/python')]
  [queue] busy: [(1565117, '/mnt/data/venv_train/bin/python'), (1574177, '/mnt/data/venv_cu12/bin/python')]
  [queue] busy: [(1565117, '/mnt/data/venv_train/bin/python'), (1574177, '/mnt/data/venv_cu12/bin/python')]
  [queue] busy: [(1565117, '/mnt/data/venv_train/bin/python'), (1574177, '/mnt/data/venv_cu12/bin/python')]
  [queue] busy: [(1565117, '/mnt/data/venv_train/bin/python'), (1574177, '/mnt/data/venv_cu12/bin/python')]
  [queue] busy: [(1565117, '/mnt/data/venv_train/bin/python'), (1574177, '/mnt/data/venv_cu12/bin/python')]
  [queue] busy: [(1565117, '/mnt/data/venv_train/bin/python')]
  [queue] busy: [(1565117, '/mnt/data/venv_train/bin/python')]
  [queue] busy: [(1565117, '/mnt/data/venv_train/bin/python')]
  [queue] busy: [(1565117, '/mnt/data/venv_train/bin/python')]
  [queue] busy: [(1565117, '/mnt/data/venv_train/bin/python')]
  [queue] busy: [(1565117, '/mnt/data/venv_train/bin/python')]
  [queue] busy: [(1565117, '/mnt/data/venv_train/bin/python')]
  [queue] busy: [(1565117, '/mnt/data/venv_train/bin/python')]
  [queue] busy: [(1565117, '/mnt/data/venv_train/bin/python')]
  [queue] busy: [(1565117, '/mnt/data/venv_train/bin/python')]
  [queue] busy: [(1565117, '/mnt/data/venv_train/bin/python')]
  [queue] busy: [(1565117, '/mnt/data/venv_train/bin/python')]
  [queue] busy: [(1565117, '/mnt/data/venv_train/bin/python')]
  [queue] busy: [(1565117, '/mnt/data/venv_train/bin/python')]
  [queue] busy: [(1565117, '/mnt/data/venv_train/bin/python')]
  [queue] busy: [(1565117, '/mnt/data/venv_train/bin/python')]
  [queue] busy: [(1565117, '/mnt/data/venv_train/bin/python')]
  [queue] busy: [(1565117, '/mnt/data/venv_train/bin/python')]
  [queue] busy: [(1565117, '/mnt/data/venv_train/bin/python')]
  [queue] busy: [(1565117, '/mnt/data/venv_train/bin/python')]
  [queue] busy: [(1565117, '/mnt/data/venv_train/bin/python')]
  [queue] busy: [(1565117, '/mnt/data/venv_train/bin/python')]
  [queue] busy: [(1565117, '/mnt/data/venv_train/bin/python')]
  [queue] busy: [(1565117, '/mnt/data/venv_train/bin/python')]
  [queue] busy: [(1565117, '/mnt/data/venv_train/bin/python')]
  [queue] busy: [(1565117, '/mnt/data/venv_train/bin/python')]
  [queue] busy: [(1565117, '/mnt/data/venv_train/bin/python')]
  [queue] busy: [(1565117, '/mnt/data/venv_train/bin/python')]
  [queue] busy: [(1565117, '/mnt/data/venv_train/bin/python')]
  [queue] busy: [(1565117, '/mnt/data/venv_train/bin/python')]
  [queue] busy: [(1565117, '/mnt/data/venv_train/bin/python')]
  [queue] busy: [(1565117, '/mnt/data/venv_train/bin/python')]
  [queue] busy: [(1565117, '/mnt/data/venv_train/bin/python')]
  [queue] busy: [(1565117, '/mnt/data/venv_train/bin/python')]
  [queue] busy: [(1565117, '/mnt/data/venv_train/bin/python')]
  [queue] busy: [(1565117, '/mnt/data/venv_train/bin/python')]
  [queue] busy: [(1565117, '/mnt/data/venv_train/bin/python')]
  [queue] busy: [(1565117, '/mnt/data/venv_train/bin/python')]
  [queue] busy: [(1565117, '/mnt/data/venv_train/bin/python')]
  [queue] busy: [(1565117, '/mnt/data/venv_train/bin/python')]
  [queue] busy: [(1565117, '/mnt/data/venv_train/bin/python')]
  [queue] busy: [(1565117, '/mnt/data/venv_train/bin/python')]
  [queue] busy: [(1565117, '/mnt/data/venv_train/bin/python')]
  [queue] busy: [(1565117, '/mnt/data/venv_train/bin/python')]
  [queue] busy: [(1565117, '/mnt/data/venv_train/bin/python')]
  [queue] busy: [(1565117, '/mnt/data/venv_train/bin/python')]
  [queue] busy: [(1565117, '/mnt/data/venv_train/bin/python')]
  [queue] busy: [(1565117, '/mnt/data/venv_train/bin/python')]
  [queue] busy: [(1565117, '/mnt/data/venv_train/bin/python')]
  [queue] busy: [(1565117, '/mnt/data/venv_train/bin/python')]
  [queue] busy: [(1565117, '/mnt/data/venv_train/bin/python')]
  [queue] busy: [(1565117, '/mnt/data/venv_train/bin/python')]
  [queue] busy: [(1565117, '/mnt/data/venv_train/bin/python')]
  [queue] busy: [(1565117, '/mnt/data/venv_train/bin/python')]
  [queue] busy: [(1565117, '/mnt/data/venv_train/bin/python')]
  [queue] busy: [(1565117, '/mnt/data/venv_train/bin/python')]
  [queue] busy: [(1565117, '/mnt/data/venv_train/bin/python')]
  [queue] busy: [(1565117, '/mnt/data/venv_train/bin/python')]
  [queue] busy: [(1565117, '/mnt/data/venv_train/bin/python')]
  [queue] busy: [(1565117, '/mnt/data/venv_train/bin/python')]
  [queue] busy: [(1565117, '/mnt/data/venv_train/bin/python')]
  [queue] busy: [(1565117, '/mnt/data/venv_train/bin/python')]
  [queue] busy: [(1565117, '/mnt/data/venv_train/bin/python')]
  [queue] busy: [(1565117, '/mnt/data/venv_train/bin/python')]
  [queue] busy: [(1565117, '/mnt/data/venv_train/bin/python')]
  [queue] busy: [(1565117, '/mnt/data/venv_train/bin/python')]
  [queue] busy: [(1565117, '/mnt/data/venv_train/bin/python')]
  [queue] busy: [(1565117, '/mnt/data/venv_train/bin/python')]
  [queue] busy: [(1565117, '/mnt/data/venv_train/bin/python')]
  [queue] busy: [(1565117, '/mnt/data/venv_train/bin/python')]
  [queue] busy: [(1565117, '/mnt/data/venv_train/bin/python')]
  [queue] busy: [(1565117, '/mnt/data/venv_train/bin/python')]
  [queue] busy: [(1565117, '/mnt/data/venv_train/bin/python')]
  [queue] busy: [(1565117, '/mnt/data/venv_train/bin/python')]
  [queue] busy: [(1565117, '/mnt/data/venv_train/bin/python')]
  [queue] busy: [(1565117, '/mnt/data/venv_train/bin/python')]
  [queue] busy: [(1565117, '/mnt/data/venv_train/bin/python')]
  [queue] busy: [(1565117, '/mnt/data/venv_train/bin/python')]
  [queue] busy: [(1565117, '/mnt/data/venv_train/bin/python')]
  [queue] busy: [(1565117, '/mnt/data/venv_train/bin/python')]
  [queue] busy: [(1565117, '/mnt/data/venv_train/bin/python')]
  [queue] busy: [(1565117, '/mnt/data/venv_train/bin/python')]
  [queue] busy: [(1565117, '/mnt/data/venv_train/bin/python')]
  [queue] busy: [(1565117, '/mnt/data/venv_train/bin/python')]
  [queue] busy: [(1565117, '/mnt/data/venv_train/bin/python')]
  [queue] busy: [(1565117, '/mnt/data/venv_train/bin/python')]
  [queue] busy: [(1565117, '/mnt/data/venv_train/bin/python')]
  [queue] busy: [(1565117, '/mnt/data/venv_train/bin/python')]
  [queue] busy: [(1565117, '/mnt/data/venv_train/bin/python')]
  [queue] busy: [(1565117, '/mnt/data/venv_train/bin/python')]
  [queue] busy: [(1565117, '/mnt/data/venv_train/bin/python')]
  [queue] busy: [(1565117, '/mnt/data/venv_train/bin/python')]
  [queue] busy: [(1565117, '/mnt/data/venv_train/bin/python')]
  [queue] busy: [(1565117, '/mnt/data/venv_train/bin/python')]
  [queue] busy: [(1565117, '/mnt/data/venv_train/bin/python')]
  [queue] busy: [(1565117, '/mnt/data/venv_train/bin/python')]
  [queue] busy: [(1565117, '/mnt/data/venv_train/bin/python')]
  [queue] busy: [(1565117, '/mnt/data/venv_train/bin/python')]
  [queue] busy: [(1565117, '/mnt/data/venv_train/bin/python')]
  [queue] busy: [(1565117, '/mnt/data/venv_train/bin/python')]
  [queue] busy: [(1565117, '/mnt/data/venv_train/bin/python')]
  [queue] busy: [(1565117, '/mnt/data/venv_train/bin/python')]
  [queue] busy: [(1565117, '/mnt/data/venv_train/bin/python')]
  [queue] busy: [(1565117, '/mnt/data/venv_train/bin/python')]
  [queue] busy: [(1565117, '/mnt/data/venv_train/bin/python')]
  [queue] busy: [(1565117, '/mnt/data/venv_train/bin/python')]
  [queue] busy: [(1565117, '/mnt/data/venv_train/bin/python')]
  [queue] busy: [(1565117, '/mnt/data/venv_train/bin/python')]
  [queue] busy: [(1565117, '/mnt/data/venv_train/bin/python')]
  [queue] busy: [(1565117, '/mnt/data/venv_train/bin/python')]
  [queue] busy: [(1565117, '/mnt/data/venv_train/bin/python')]
  [queue] busy: [(1565117, '/mnt/data/venv_train/bin/python')]
  [queue] busy: [(1565117, '/mnt/data/venv_train/bin/python')]
  [queue] busy: [(1565117, '/mnt/data/venv_train/bin/python')]
  [queue] busy: [(1565117, '/mnt/data/venv_train/bin/python')]
  [queue] busy: [(1565117, '/mnt/data/venv_train/bin/python')]
  [queue] busy: [(1565117, '/mnt/data/venv_train/bin/python')]
  [queue] busy: [(1565117, '/mnt/data/venv_train/bin/python')]
  [queue] busy: [(1565117, '/mnt/data/venv_train/bin/python')]
  [queue] busy: [(1565117, '/mnt/data/venv_train/bin/python')]
  [queue] busy: [(1565117, '/mnt/data/venv_train/bin/python')]
  [queue] busy: [(1565117, '/mnt/data/venv_train/bin/python')]
  [queue] busy: [(1565117, '/mnt/data/venv_train/bin/python')]
  [queue] busy: [(1565117, '/mnt/data/venv_train/bin/python')]
  [queue] busy: [(1565117, '/mnt/data/venv_train/bin/python')]
  [queue] busy: [(1565117, '/mnt/data/venv_train/bin/python')]
  [queue] busy: [(1565117, '/mnt/data/venv_train/bin/python')]
  [queue] busy: [(1565117, '/mnt/data/venv_train/bin/python')]
  [queue] busy: [(1565117, '/mnt/data/venv_train/bin/python')]
  [queue] busy: [(1565117, '/mnt/data/venv_train/bin/python')]
  [queue] busy: [(1565117, '/mnt/data/venv_train/bin/python')]
  [queue] busy: [(1565117, '/mnt/data/venv_train/bin/python')]
  [queue] busy: [(1565117, '/mnt/data/venv_train/bin/python')]
  [queue] busy: [(1565117, '/mnt/data/venv_train/bin/python')]
  [queue] busy: [(1565117, '/mnt/data/venv_train/bin/python')]
  [queue] busy: [(1565117, '/mnt/data/venv_train/bin/python')]
  [queue] busy: [(1565117, '/mnt/data/venv_train/bin/python')]
  [queue] busy: [(1565117, '/mnt/data/venv_train/bin/python')]
  [queue] busy: [(1565117, '/mnt/data/venv_train/bin/python')]
  [queue] busy: [(1565117, '/mnt/data/venv_train/bin/python')]
  [queue] busy: [(1565117, '/mnt/data/venv_train/bin/python')]
  [queue] busy: [(1565117, '/mnt/data/venv_train/bin/python')]
  [queue] busy: [(1565117, '/mnt/data/venv_train/bin/python')]
  [queue] busy: [(1565117, '/mnt/data/venv_train/bin/python')]
  [queue] busy: [(1565117, '/mnt/data/venv_train/bin/python')]
  [queue] busy: [(1565117, '/mnt/data/venv_train/bin/python')]
  [queue] busy: [(1565117, '/mnt/data/venv_train/bin/python')]
  [queue] busy: [(1565117, '/mnt/data/venv_train/bin/python')]
  [queue] busy: [(1565117, '/mnt/data/venv_train/bin/python')]
  [queue] busy: [(1565117, '/mnt/data/venv_train/bin/python')]
  [queue] busy: [(1565117, '/mnt/data/venv_train/bin/python')]
  [queue] busy: [(1565117, '/mnt/data/venv_train/bin/python')]
  [queue] busy: [(1565117, '/mnt/data/venv_train/bin/python')]
  [queue] busy: [(1565117, '/mnt/data/venv_train/bin/python')]
  [queue] busy: [(1565117, '/mnt/data/venv_train/bin/python')]
  [queue] busy: [(1565117, '/mnt/data/venv_train/bin/python')]
  [queue] busy: [(1565117, '/mnt/data/venv_train/bin/python')]
  [queue] busy: [(1565117, '/mnt/data/venv_train/bin/python')]
  [queue] busy: [(1565117, '/mnt/data/venv_train/bin/python')]
  [queue] busy: [(1565117, '/mnt/data/venv_train/bin/python')]
  [queue] busy: [(1565117, '/mnt/data/venv_train/bin/python')]
  [queue] busy: [(1565117, '/mnt/data/venv_train/bin/python')]
  [queue] busy: [(1565117, '/mnt/data/venv_train/bin/python')]
  [queue] busy: [(1565117, '/mnt/data/venv_train/bin/python')]
  [queue] busy: [(1565117, '/mnt/data/venv_train/bin/python')]
  [queue] busy: [(1565117, '/mnt/data/venv_train/bin/python')]
  [queue] busy: [(1565117, '/mnt/data/venv_train/bin/python')]
  [queue] busy: [(1565117, '/mnt/data/venv_train/bin/python')]
  [queue] busy: [(1565117, '/mnt/data/venv_train/bin/python')]
  [queue] busy: [(1565117, '/mnt/data/venv_train/bin/python')]
  [queue] busy: [(1565117, '/mnt/data/venv_train/bin/python')]
  [queue] busy: [(1565117, '/mnt/data/venv_train/bin/python')]
  [queue] busy: [(1565117, '/mnt/data/venv_train/bin/python')]
  [queue] busy: [(1565117, '/mnt/data/venv_train/bin/python')]
  [queue] busy: [(1565117, '/mnt/data/venv_train/bin/python')]
  [queue] busy: [(1565117, '/mnt/data/venv_train/bin/python')]
  [queue] busy: [(1565117, '/mnt/data/venv_train/bin/python')]
  [queue] busy: [(1565117, '/mnt/data/venv_train/bin/python')]
  [queue] busy: [(1565117, '/mnt/data/venv_train/bin/python')]
  [queue] busy: [(1565117, '/mnt/data/venv_train/bin/python')]
  [queue] busy: [(1565117, '/mnt/data/venv_train/bin/python')]
  [queue] busy: [(1565117, '/mnt/data/venv_train/bin/python')]
  [queue] busy: [(1565117, '/mnt/data/venv_train/bin/python')]
  [queue] busy: [(1565117, '/mnt/data/venv_train/bin/python')]
  [queue] busy: [(1565117, '/mnt/data/venv_train/bin/python')]
  [queue] busy: [(1565117, '/mnt/data/venv_train/bin/python')]
  [queue] busy: [(1565117, '/mnt/data/venv_train/bin/python')]
  [queue] busy: [(1565117, '/mnt/data/venv_train/bin/python')]
  [queue] busy: [(1565117, '/mnt/data/venv_train/bin/python')]
  [queue] busy: [(1565117, '/mnt/data/venv_train/bin/python')]
  [queue] busy: [(1565117, '/mnt/data/venv_train/bin/python')]
  [queue] busy: [(1565117, '/mnt/data/venv_train/bin/python')]
  [queue] busy: [(1565117, '/mnt/data/venv_train/bin/python')]
  [queue] busy: [(1565117, '/mnt/data/venv_train/bin/python')]
  [queue] busy: [(1565117, '/mnt/data/venv_train/bin/python')]
  [queue] busy: [(1565117, '/mnt/data/venv_train/bin/python')]
  [queue] busy: [(1565117, '/mnt/data/venv_train/bin/python')]
  [queue] busy: [(1565117, '/mnt/data/venv_train/bin/python')]
  [queue] busy: [(1565117, '/mnt/data/venv_train/bin/python')]
  [queue] busy: [(1565117, '/mnt/data/venv_train/bin/python')]
  [queue] busy: [(1565117, '/mnt/data/venv_train/bin/python')]
  [queue] busy: [(1565117, '/mnt/data/venv_train/bin/python')]
  [queue] busy: [(1565117, '/mnt/data/venv_train/bin/python')]
  [queue] busy: [(1565117, '/mnt/data/venv_train/bin/python')]
  [queue] busy: [(1565117, '/mnt/data/venv_train/bin/python')]
  [queue] busy: [(1565117, '/mnt/data/venv_train/bin/python')]
  [queue] busy: [(1565117, '/mnt/data/venv_train/bin/python')]
  [queue] busy: [(1565117, '/mnt/data/venv_train/bin/python')]
  [queue] busy: [(1565117, '/mnt/data/venv_train/bin/python')]
  [queue] busy: [(1565117, '/mnt/data/venv_train/bin/python')]
  [queue] busy: [(1565117, '/mnt/data/venv_train/bin/python')]
  [queue] busy: [(1565117, '/mnt/data/venv_train/bin/python')]
  [queue] busy: [(1565117, '/mnt/data/venv_train/bin/python')]
  [queue] busy: [(1565117, '/mnt/data/venv_train/bin/python')]
  [queue] busy: [(1565117, '/mnt/data/venv_train/bin/python')]
  [queue] busy: [(1565117, '/mnt/data/venv_train/bin/python')]
  [queue] busy: [(1565117, '/mnt/data/venv_train/bin/python')]
  [queue] busy: [(1565117, '/mnt/data/venv_train/bin/python')]
  [queue] busy: [(1565117, '/mnt/data/venv_train/bin/python')]
  [queue] busy: [(1565117, '/mnt/data/venv_train/bin/python')]
  [queue] busy: [(1565117, '/mnt/data/venv_train/bin/python')]
  [queue] busy: [(1565117, '/mnt/data/venv_train/bin/python')]
  [queue] busy: [(1565117, '/mnt/data/venv_train/bin/python')]
  [queue] busy: [(1565117, '/mnt/data/venv_train/bin/python')]
  [queue] busy: [(1565117, '/mnt/data/venv_train/bin/python')]
  [queue] busy: [(1565117, '/mnt/data/venv_train/bin/python')]
  [queue] busy: [(1565117, '/mnt/data/venv_train/bin/python')]
  [queue] busy: [(1565117, '/mnt/data/venv_train/bin/python')]
  [queue] busy: [(1565117, '/mnt/data/venv_train/bin/python')]
  [queue] busy: [(1565117, '/mnt/data/venv_train/bin/python')]
  [queue] busy: [(1565117, '/mnt/data/venv_train/bin/python')]
  [queue] busy: [(1565117, '/mnt/data/venv_train/bin/python')]
  [queue] busy: [(1565117, '/mnt/data/venv_train/bin/python')]
  [queue] busy: [(1565117, '/mnt/data/venv_train/bin/python')]
  [queue] busy: [(1565117, '/mnt/data/venv_train/bin/python')]
  [queue] busy: [(1565117, '/mnt/data/venv_train/bin/python')]
  [queue] busy: [(1565117, '/mnt/data/venv_train/bin/python')]
  [queue] busy: [(1565117, '/mnt/data/venv_train/bin/python')]
  [queue] busy: [(1565117, '/mnt/data/venv_train/bin/python')]
  [queue] busy: [(1565117, '/mnt/data/venv_train/bin/python')]
  [queue] busy: [(1565117, '/mnt/data/venv_train/bin/python')]
  [queue] busy: [(1565117, '/mnt/data/venv_train/bin/python')]
  [queue] busy: [(1565117, '/mnt/data/venv_train/bin/python')]
  [queue] busy: [(1565117, '/mnt/data/venv_train/bin/python')]
  [queue] busy: [(1565117, '/mnt/data/venv_train/bin/python')]
  [queue] busy: [(1565117, '/mnt/data/venv_train/bin/python')]
  [queue] busy: [(1565117, '/mnt/data/venv_train/bin/python')]
  [queue] busy: [(1565117, '/mnt/data/venv_train/bin/python')]
  [queue] busy: [(1565117, '/mnt/data/venv_train/bin/python')]
  [queue] busy: [(1565117, '/mnt/data/venv_train/bin/python')]
  [queue] busy: [(1565117, '/mnt/data/venv_train/bin/python')]
  [queue] busy: [(1565117, '/mnt/data/venv_train/bin/python')]
  [queue] busy: [(1565117, '/mnt/data/venv_train/bin/python')]
  [queue] busy: [(1565117, '/mnt/data/venv_train/bin/python')]
  [queue] busy: [(1565117, '/mnt/data/venv_train/bin/python')]
  [queue] busy: [(1565117, '/mnt/data/venv_train/bin/python')]
  [queue] busy: [(1565117, '/mnt/data/venv_train/bin/python')]
  [queue] busy: [(1565117, '/mnt/data/venv_train/bin/python')]
  [queue] busy: [(1565117, '/mnt/data/venv_train/bin/python')]
  [queue] busy: [(1565117, '/mnt/data/venv_train/bin/python')]
  [queue] busy: [(1565117, '/mnt/data/venv_train/bin/python')]
  [queue] busy: [(1565117, '/mnt/data/venv_train/bin/python')]
  [queue] busy: [(1565117, '/mnt/data/venv_train/bin/python'), (1590983, '.venv-coz/bin/python')]
  [queue] busy: [(1565117, '/mnt/data/venv_train/bin/python'), (1591402, '.venv-coz/bin/python'), (1592436, 'python3')]
  [queue] busy: [(1565117, '/mnt/data/venv_train/bin/python'), (1593505, '.venv-coz/bin/python'), (1593617, 'python3')]
  [queue] busy: [(1565117, '/mnt/data/venv_train/bin/python'), (1593617, 'python3')]
  [queue] busy: [(1565117, '/mnt/data/venv_train/bin/python'), (1594857, 'python3')]
  [queue] busy: [(1565117, '/mnt/data/venv_train/bin/python'), (1594857, 'python3')]
  [queue] busy: [(1565117, '/mnt/data/venv_train/bin/python'), (1594857, 'python3'), (1595850, '.venv-coz/bin/python')]
  [queue] busy: [(1565117, '/mnt/data/venv_train/bin/python'), (1594857, 'python3'), (1595850, '.venv-coz/bin/python')]
  [queue] busy: [(1565117, '/mnt/data/venv_train/bin/python'), (1594857, 'python3'), (1595850, '.venv-coz/bin/python')]
  [queue] busy: [(1565117, '/mnt/data/venv_train/bin/python'), (1594857, 'python3'), (1595850, '.venv-coz/bin/python')]
  [queue] busy: [(1565117, '/mnt/data/venv_train/bin/python'), (1594857, 'python3'), (1595850, '.venv-coz/bin/python')]
  [queue] busy: [(1565117, '/mnt/data/venv_train/bin/python'), (1594857, 'python3'), (1595850, '.venv-coz/bin/python')]
  [queue] busy: [(1565117, '/mnt/data/venv_train/bin/python'), (1594857, 'python3'), (1595850, '.venv-coz/bin/python')]
  [queue] busy: [(1565117, '/mnt/data/venv_train/bin/python'), (1594857, 'python3'), (1595850, '.venv-coz/bin/python')]
  [queue] busy: [(1565117, '/mnt/data/venv_train/bin/python')]
  [queue] busy: [(1565117, '/mnt/data/venv_train/bin/python'), (1597477, 'python3')]
  [queue] busy: [(1565117, '/mnt/data/venv_train/bin/python'), (1597477, 'python3')]
  [queue] busy: [(1565117, '/mnt/data/venv_train/bin/python'), (1598452, 'python3'), (1599390, '.venv-coz/bin/python')]
  [queue] busy: [(1565117, '/mnt/data/venv_train/bin/python'), (1598452, 'python3'), (1599390, '.venv-coz/bin/python')]
  [queue] busy: [(1565117, '/mnt/data/venv_train/bin/python'), (1598452, 'python3'), (1599390, '.venv-coz/bin/python')]
  [queue] busy: [(1565117, '/mnt/data/venv_train/bin/python'), (1598452, 'python3'), (1599390, '.venv-coz/bin/python')]
  [queue] busy: [(1565117, '/mnt/data/venv_train/bin/python'), (1598452, 'python3'), (1599390, '.venv-coz/bin/python')]
  [queue] busy: [(1565117, '/mnt/data/venv_train/bin/python'), (1598452, 'python3'), (1599390, '.venv-coz/bin/python')]
  [queue] busy: [(1565117, '/mnt/data/venv_train/bin/python'), (1598452, 'python3'), (1599390, '.venv-coz/bin/python')]
  [queue] busy: [(1565117, '/mnt/data/venv_train/bin/python'), (1598452, 'python3'), (1599390, '.venv-coz/bin/python')]
  [queue] busy: [(1565117, '/mnt/data/venv_train/bin/python'), (1598452, 'python3'), (1599390, '.venv-coz/bin/python')]
  [queue] busy: [(1565117, '/mnt/data/venv_train/bin/python')]
  [queue] busy: [(1565117, '/mnt/data/venv_train/bin/python')]
  [queue] busy: [(1565117, '/mnt/data/venv_train/bin/python'), (1601506, 'python3')]
  [queue] busy: [(1565117, '/mnt/data/venv_train/bin/python'), (1601506, 'python3'), (1602379, '.venv-coz/bin/python')]
  [queue] busy: [(1565117, '/mnt/data/venv_train/bin/python'), (1601506, 'python3'), (1602379, '.venv-coz/bin/python')]
  [queue] busy: [(1565117, '/mnt/data/venv_train/bin/python'), (1602850, 'python3'), (1603221, '.venv-coz/bin/python')]
  [queue] busy: [(1565117, '/mnt/data/venv_train/bin/python'), (1602850, 'python3'), (1603221, '.venv-coz/bin/python')]
  [queue] busy: [(1565117, '/mnt/data/venv_train/bin/python'), (1603221, '.venv-coz/bin/python'), (1604223, 'python3')]
  [queue] busy: [(1565117, '/mnt/data/venv_train/bin/python'), (1604223, 'python3'), (1605071, '.venv-coz/bin/python')]
  [queue] busy: [(1565117, '/mnt/data/venv_train/bin/python'), (1604223, 'python3'), (1605071, '.venv-coz/bin/python')]
  [queue] busy: [(1565117, '/mnt/data/venv_train/bin/python'), (1605582, 'python3'), (1606432, '.venv-coz/bin/python')]
  [queue] busy: [(1565117, '/mnt/data/venv_train/bin/python'), (1605582, 'python3'), (1606432, '.venv-coz/bin/python')]
  [queue] busy: [(1565117, '/mnt/data/venv_train/bin/python'), (1605582, 'python3'), (1606432, '.venv-coz/bin/python')]
  [queue] busy: [(1565117, '/mnt/data/venv_train/bin/python'), (1606956, 'python3'), (1607804, '.venv-coz/bin/python')]
  [queue] busy: [(1565117, '/mnt/data/venv_train/bin/python'), (1606956, 'python3'), (1607804, '.venv-coz/bin/python')]
  [queue] busy: [(1565117, '/mnt/data/venv_train/bin/python'), (1607804, '.venv-coz/bin/python')]
  [queue] busy: [(1565117, '/mnt/data/venv_train/bin/python'), (1608311, 'python3'), (1609137, 'python')]
  [queue] busy: [(1565117, '/mnt/data/venv_train/bin/python'), (1608311, 'python3'), (1609137, 'python')]
  [queue] busy: [(1565117, '/mnt/data/venv_train/bin/python'), (1609137, 'python'), (1610180, 'python3')]
  [queue] busy: [(1565117, '/mnt/data/venv_train/bin/python'), (1609137, 'python'), (1610180, 'python3')]
  [queue] busy: [(1565117, '/mnt/data/venv_train/bin/python'), (1609137, 'python'), (1610180, 'python3')]
  [queue] busy: [(1565117, '/mnt/data/venv_train/bin/python'), (1609137, 'python'), (1611179, 'python3')]
  [queue] busy: [(1565117, '/mnt/data/venv_train/bin/python'), (1609137, 'python'), (1611179, 'python3')]
  [queue] busy: [(1565117, '/mnt/data/venv_train/bin/python'), (1609137, 'python')]
  [queue] busy: [(1565117, '/mnt/data/venv_train/bin/python'), (1609137, 'python'), (1612178, 'python3')]
  [queue] busy: [(1565117, '/mnt/data/venv_train/bin/python'), (1609137, 'python'), (1612178, 'python3')]
  [queue] busy: [(1565117, '/mnt/data/venv_train/bin/python'), (1609137, 'python')]
  [queue] busy: [(1565117, '/mnt/data/venv_train/bin/python'), (1609137, 'python')]
  [queue] busy: [(1565117, '/mnt/data/venv_train/bin/python'), (1609137, 'python')]
  [queue] busy: [(1609137, 'python'), (1613397, '/mnt/data/venv_train/bin/python')]
  [queue] busy: [(1609137, 'python'), (1613397, '/mnt/data/venv_train/bin/python')]
  [queue] busy: [(1609137, 'python'), (1613397, '/mnt/data/venv_train/bin/python')]
  [queue] busy: [(1609137, 'python'), (1613397, '/mnt/data/venv_train/bin/python')]
  [queue] busy: [(1609137, 'python'), (1613397, '/mnt/data/venv_train/bin/python')]
  [queue] busy: [(1609137, 'python'), (1613397, '/mnt/data/venv_train/bin/python')]
  [queue] busy: [(1609137, 'python'), (1613397, '/mnt/data/venv_train/bin/python')]
  [queue] busy: [(1609137, '[No data]'), (1613397, '/mnt/data/venv_train/bin/python')]
  [queue] busy: [(1613397, '/mnt/data/venv_train/bin/python')]
  [queue] busy: [(1613397, '/mnt/data/venv_train/bin/python')]
  [queue] busy: [(1613397, '/mnt/data/venv_train/bin/python')]
  [queue] busy: [(1613397, '/mnt/data/venv_train/bin/python')]
  [queue] busy: [(1613397, '/mnt/data/venv_train/bin/python')]
  [queue] busy: [(1613397, '/mnt/data/venv_train/bin/python')]
  [queue] busy: [(1613397, '/mnt/data/venv_train/bin/python')]
  [queue] busy: [(1613397, '/mnt/data/venv_train/bin/python')]
  [queue] busy: [(1613397, '/mnt/data/venv_train/bin/python')]
  [queue] busy: [(1613397, '/mnt/data/venv_train/bin/python')]
  [queue] busy: [(1613397, '/mnt/data/venv_train/bin/python')]
  [queue] busy: [(1613397, '/mnt/data/venv_train/bin/python')]
  [queue] busy: [(1613397, '/mnt/data/venv_train/bin/python')]
  [queue] busy: [(1613397, '/mnt/data/venv_train/bin/python')]
  [queue] busy: [(1613397, '/mnt/data/venv_train/bin/python')]
  [queue] busy: [(1613397, '/mnt/data/venv_train/bin/python')]
  [queue] busy: [(1613397, '/mnt/data/venv_train/bin/python')]
  [queue] busy: [(1613397, '/mnt/data/venv_train/bin/python')]
  [queue] busy: [(1613397, '/mnt/data/venv_train/bin/python')]
  [queue] busy: [(1613397, '/mnt/data/venv_train/bin/python')]
  [queue] busy: [(1613397, '/mnt/data/venv_train/bin/python')]
  [queue] busy: [(1613397, '/mnt/data/venv_train/bin/python')]
  [queue] busy: [(1613397, '/mnt/data/venv_train/bin/python')]
  [queue] busy: [(1613397, '/mnt/data/venv_train/bin/python')]
  [queue] busy: [(1613397, '/mnt/data/venv_train/bin/python')]
  [queue] busy: [(1613397, '/mnt/data/venv_train/bin/python')]
  [queue] busy: [(1613397, '/mnt/data/venv_train/bin/python')]
  [queue] busy: [(1613397, '/mnt/data/venv_train/bin/python')]
  [queue] busy: [(1613397, '/mnt/data/venv_train/bin/python')]
  [queue] busy: [(1613397, '/mnt/data/venv_train/bin/python')]
  [queue] busy: [(1613397, '/mnt/data/venv_train/bin/python')]
  [queue] busy: [(1613397, '/mnt/data/venv_train/bin/python')]
  [queue] busy: [(1613397, '/mnt/data/venv_train/bin/python')]
  [queue] busy: [(1613397, '/mnt/data/venv_train/bin/python')]
  [queue] busy: [(1613397, '/mnt/data/venv_train/bin/python')]
  [queue] busy: [(1613397, '/mnt/data/venv_train/bin/python')]
  [queue] busy: [(1613397, '/mnt/data/venv_train/bin/python')]
  [queue] busy: [(1613397, '/mnt/data/venv_train/bin/python')]
  [queue] busy: [(1613397, '/mnt/data/venv_train/bin/python')]
  [queue] busy: [(1613397, '/mnt/data/venv_train/bin/python')]
  [queue] busy: [(1613397, '/mnt/data/venv_train/bin/python')]
  [queue] busy: [(1613397, '/mnt/data/venv_train/bin/python')]
  [queue] busy: [(1613397, '/mnt/data/venv_train/bin/python')]
  [queue] busy: [(1613397, '/mnt/data/venv_train/bin/python')]
  [queue] busy: [(1613397, '/mnt/data/venv_train/bin/python')]
  [queue] busy: [(1613397, '/mnt/data/venv_train/bin/python')]
  [queue] busy: [(1613397, '/mnt/data/venv_train/bin/python')]
  [queue] busy: [(1613397, '/mnt/data/venv_train/bin/python')]
  [queue] busy: [(1613397, '/mnt/data/venv_train/bin/python')]
  [queue] busy: [(1613397, '/mnt/data/venv_train/bin/python')]
  [queue] busy: [(1613397, '/mnt/data/venv_train/bin/python')]
  [queue] busy: [(1613397, '/mnt/data/venv_train/bin/python')]
  [queue] busy: [(1613397, '/mnt/data/venv_train/bin/python')]
  [queue] busy: [(1613397, '/mnt/data/venv_train/bin/python')]
  [queue] busy: [(1613397, '/mnt/data/venv_train/bin/python')]
  [queue] busy: [(1613397, '/mnt/data/venv_train/bin/python')]
  [queue] busy: [(1613397, '/mnt/data/venv_train/bin/python')]
  [queue] busy: [(1613397, '/mnt/data/venv_train/bin/python')]
  [queue] busy: [(1613397, '/mnt/data/venv_train/bin/python')]
  [queue] busy: [(1613397, '/mnt/data/venv_train/bin/python')]
  [queue] busy: [(1613397, '/mnt/data/venv_train/bin/python')]
  [queue] busy: [(1613397, '/mnt/data/venv_train/bin/python')]
  [queue] busy: [(1613397, '/mnt/data/venv_train/bin/python')]
  [queue] busy: [(1613397, '/mnt/data/venv_train/bin/python')]
  [queue] busy: [(1613397, '/mnt/data/venv_train/bin/python')]
  [queue] busy: [(1613397, '/mnt/data/venv_train/bin/python')]
  [queue] busy: [(1613397, '/mnt/data/venv_train/bin/python')]
  [queue] busy: [(1613397, '/mnt/data/venv_train/bin/python')]
  [queue] busy: [(1613397, '/mnt/data/venv_train/bin/python')]
  [queue] busy: [(1613397, '/mnt/data/venv_train/bin/python')]
  [queue] busy: [(1613397, '/mnt/data/venv_train/bin/python')]
  [queue] busy: [(1613397, '/mnt/data/venv_train/bin/python')]
  [queue] busy: [(1613397, '/mnt/data/venv_train/bin/python')]
  [queue] busy: [(1613397, '/mnt/data/venv_train/bin/python')]
  [queue] busy: [(1613397, '/mnt/data/venv_train/bin/python')]
  [queue] busy: [(1613397, '/mnt/data/venv_train/bin/python')]
  [queue] busy: [(1613397, '/mnt/data/venv_train/bin/python')]
  [queue] busy: [(1613397, '/mnt/data/venv_train/bin/python')]
  [queue] busy: [(1613397, '/mnt/data/venv_train/bin/python')]
  [queue] busy: [(1613397, '/mnt/data/venv_train/bin/python')]
  [queue] busy: [(1613397, '/mnt/data/venv_train/bin/python')]
  [queue] busy: [(1613397, '/mnt/data/venv_train/bin/python')]
  [queue] busy: [(1613397, '/mnt/data/venv_train/bin/python')]
  [queue] busy: [(1613397, '/mnt/data/venv_train/bin/python')]
  [queue] busy: [(1613397, '/mnt/data/venv_train/bin/python')]
  [queue] busy: [(1613397, '/mnt/data/venv_train/bin/python')]
  [queue] busy: [(1613397, '/mnt/data/venv_train/bin/python')]
  [queue] busy: [(1613397, '/mnt/data/venv_train/bin/python')]
  [queue] busy: [(1613397, '/mnt/data/venv_train/bin/python')]
  [queue] busy: [(1613397, '/mnt/data/venv_train/bin/python')]
  [queue] busy: [(1613397, '/mnt/data/venv_train/bin/python')]
  [queue] busy: [(1613397, '/mnt/data/venv_train/bin/python')]
  [queue] busy: [(1613397, '/mnt/data/venv_train/bin/python')]
  [queue] busy: [(1613397, '/mnt/data/venv_train/bin/python')]
  [queue] busy: [(1613397, '/mnt/data/venv_train/bin/python')]
  [queue] busy: [(1613397, '/mnt/data/venv_train/bin/python')]
  [queue] busy: [(1613397, '/mnt/data/venv_train/bin/python')]
  [queue] busy: [(1613397, '/mnt/data/venv_train/bin/python')]
  [queue] busy: [(1613397, '/mnt/data/venv_train/bin/python')]
  [queue] busy: [(1613397, '/mnt/data/venv_train/bin/python')]
  [queue] busy: [(1613397, '/mnt/data/venv_train/bin/python')]
  [queue] busy: [(1613397, '/mnt/data/venv_train/bin/python')]
  [queue] busy: [(1613397, '/mnt/data/venv_train/bin/python')]
  [queue] busy: [(1613397, '/mnt/data/venv_train/bin/python')]
  [queue] busy: [(1613397, '/mnt/data/venv_train/bin/python')]
  [queue] busy: [(1613397, '/mnt/data/venv_train/bin/python')]
  [queue] busy: [(1613397, '/mnt/data/venv_train/bin/python')]
  [queue] busy: [(1613397, '/mnt/data/venv_train/bin/python')]
  [queue] busy: [(1613397, '/mnt/data/venv_train/bin/python')]
  [queue] busy: [(1613397, '/mnt/data/venv_train/bin/python')]
  [queue] busy: [(1613397, '/mnt/data/venv_train/bin/python')]
  [queue] busy: [(1613397, '/mnt/data/venv_train/bin/python')]
  [queue] busy: [(1613397, '/mnt/data/venv_train/bin/python')]
  [queue] busy: [(1613397, '/mnt/data/venv_train/bin/python')]
  [queue] busy: [(1613397, '/mnt/data/venv_train/bin/python')]
  [queue] busy: [(1613397, '/mnt/data/venv_train/bin/python')]
  [queue] busy: [(1613397, '/mnt/data/venv_train/bin/python')]
  [queue] busy: [(1613397, '/mnt/data/venv_train/bin/python')]
  [queue] busy: [(1613397, '/mnt/data/venv_train/bin/python')]
  [queue] busy: [(1613397, '/mnt/data/venv_train/bin/python')]
  [queue] busy: [(1613397, '/mnt/data/venv_train/bin/python')]
  [queue] busy: [(1613397, '/mnt/data/venv_train/bin/python')]
  [queue] busy: [(1613397, '/mnt/data/venv_train/bin/python')]
  [queue] busy: [(1613397, '/mnt/data/venv_train/bin/python')]
  [queue] busy: [(1613397, '/mnt/data/venv_train/bin/python')]
  [queue] busy: [(1613397, '/mnt/data/venv_train/bin/python')]
  [queue] busy: [(1613397, '/mnt/data/venv_train/bin/python')]
  [queue] busy: [(1613397, '/mnt/data/venv_train/bin/python')]
  [queue] busy: [(1613397, '/mnt/data/venv_train/bin/python')]
  [queue] busy: [(1613397, '/mnt/data/venv_train/bin/python')]
  [queue] busy: [(1613397, '/mnt/data/venv_train/bin/python')]
  [queue] busy: [(1613397, '/mnt/data/venv_train/bin/python')]
  [queue] busy: [(1613397, '/mnt/data/venv_train/bin/python')]
  [queue] busy: [(1613397, '/mnt/data/venv_train/bin/python')]
  [queue] busy: [(1613397, '/mnt/data/venv_train/bin/python')]
  [queue] busy: [(1613397, '/mnt/data/venv_train/bin/python')]
  [queue] busy: [(1613397, '/mnt/data/venv_train/bin/python')]
  [queue] busy: [(1613397, '/mnt/data/venv_train/bin/python')]
  [queue] busy: [(1613397, '/mnt/data/venv_train/bin/python')]
  [queue] busy: [(1613397, '/mnt/data/venv_train/bin/python')]
  [queue] busy: [(1613397, '/mnt/data/venv_train/bin/python')]
  [queue] busy: [(1613397, '/mnt/data/venv_train/bin/python')]
  [queue] busy: [(1613397, '/mnt/data/venv_train/bin/python')]
  [queue] busy: [(1613397, '/mnt/data/venv_train/bin/python')]
  [queue] busy: [(1613397, '/mnt/data/venv_train/bin/python')]
  [queue] busy: [(1613397, '/mnt/data/venv_train/bin/python')]
  [queue] busy: [(1613397, '/mnt/data/venv_train/bin/python')]
  [queue] busy: [(1613397, '/mnt/data/venv_train/bin/python')]
  [queue] busy: [(1613397, '/mnt/data/venv_train/bin/python')]
  [queue] busy: [(1613397, '/mnt/data/venv_train/bin/python')]
  [queue] busy: [(1613397, '/mnt/data/venv_train/bin/python')]
  [queue] busy: [(1613397, '/mnt/data/venv_train/bin/python')]
  [queue] busy: [(1613397, '/mnt/data/venv_train/bin/python')]
  [queue] busy: [(1613397, '/mnt/data/venv_train/bin/python')]
  [queue] busy: [(1613397, '/mnt/data/venv_train/bin/python')]
  [queue] busy: [(1613397, '/mnt/data/venv_train/bin/python')]
  [queue] busy: [(1613397, '/mnt/data/venv_train/bin/python')]
  [queue] busy: [(1613397, '/mnt/data/venv_train/bin/python')]
  [queue] busy: [(1613397, '/mnt/data/venv_train/bin/python')]
  [queue] busy: [(1613397, '/mnt/data/venv_train/bin/python')]
  [queue] busy: [(1613397, '/mnt/data/venv_train/bin/python')]
  [queue] busy: [(1613397, '/mnt/data/venv_train/bin/python')]
  [queue] busy: [(1613397, '/mnt/data/venv_train/bin/python')]
  [queue] busy: [(1613397, '/mnt/data/venv_train/bin/python')]
  [queue] busy: [(1613397, '/mnt/data/venv_train/bin/python')]
  [queue] busy: [(1613397, '/mnt/data/venv_train/bin/python')]
  [queue] busy: [(1613397, '/mnt/data/venv_train/bin/python')]
  [queue] busy: [(1613397, '/mnt/data/venv_train/bin/python')]
  [queue] busy: [(1613397, '/mnt/data/venv_train/bin/python')]
  [queue] busy: [(1613397, '/mnt/data/venv_train/bin/python')]
  [queue] busy: [(1613397, '/mnt/data/venv_train/bin/python')]
  [queue] busy: [(1613397, '/mnt/data/venv_train/bin/python')]
  [queue] busy: [(1613397, '/mnt/data/venv_train/bin/python')]
  [queue] busy: [(1613397, '/mnt/data/venv_train/bin/python')]
  [queue] busy: [(1613397, '/mnt/data/venv_train/bin/python')]
  [queue] busy: [(1613397, '/mnt/data/venv_train/bin/python')]
  [queue] busy: [(1613397, '/mnt/data/venv_train/bin/python')]
  [queue] busy: [(1613397, '/mnt/data/venv_train/bin/python')]
  [queue] busy: [(1613397, '/mnt/data/venv_train/bin/python')]
  [queue] busy: [(1613397, '/mnt/data/venv_train/bin/python')]
  [queue] busy: [(1613397, '/mnt/data/venv_train/bin/python')]
  [queue] busy: [(1613397, '/mnt/data/venv_train/bin/python')]
  [queue] busy: [(1613397, '/mnt/data/venv_train/bin/python')]
  [queue] busy: [(1613397, '/mnt/data/venv_train/bin/python')]
  [queue] busy: [(1613397, '/mnt/data/venv_train/bin/python')]
  [queue] busy: [(1613397, '/mnt/data/venv_train/bin/python')]
  [queue] busy: [(1613397, '/mnt/data/venv_train/bin/python')]
  [queue] busy: [(1613397, '/mnt/data/venv_train/bin/python')]
  [queue] busy: [(1613397, '/mnt/data/venv_train/bin/python')]
  [queue] busy: [(1613397, '/mnt/data/venv_train/bin/python')]
  [queue] busy: [(1613397, '/mnt/data/venv_train/bin/python')]
  [queue] busy: [(1613397, '/mnt/data/venv_train/bin/python')]
  [queue] busy: [(1613397, '/mnt/data/venv_train/bin/python')]
  [queue] busy: [(1613397, '/mnt/data/venv_train/bin/python')]
  [queue] busy: [(1613397, '/mnt/data/venv_train/bin/python')]
  [queue] busy: [(1613397, '/mnt/data/venv_train/bin/python')]
  [queue] busy: [(1613397, '/mnt/data/venv_train/bin/python')]
  [queue] busy: [(1613397, '/mnt/data/venv_train/bin/python')]
  [queue] busy: [(1613397, '/mnt/data/venv_train/bin/python')]
  [queue] busy: [(1613397, '/mnt/data/venv_train/bin/python')]
  [queue] busy: [(1613397, '/mnt/data/venv_train/bin/python')]
  [queue] busy: [(1613397, '/mnt/data/venv_train/bin/python')]
  [queue] busy: [(1613397, '/mnt/data/venv_train/bin/python')]
  [queue] busy: [(1613397, '/mnt/data/venv_train/bin/python')]
  [queue] busy: [(1613397, '/mnt/data/venv_train/bin/python')]
  [queue] busy: [(1613397, '/mnt/data/venv_train/bin/python')]
  [queue] busy: [(1613397, '/mnt/data/venv_train/bin/python')]
  [queue] busy: [(1613397, '/mnt/data/venv_train/bin/python')]
  [queue] busy: [(1613397, '/mnt/data/venv_train/bin/python')]
  [queue] busy: [(1613397, '/mnt/data/venv_train/bin/python')]
  [queue] busy: [(1613397, '/mnt/data/venv_train/bin/python')]
  [queue] busy: [(1613397, '/mnt/data/venv_train/bin/python')]
  [queue] busy: [(1613397, '/mnt/data/venv_train/bin/python')]
  [queue] busy: [(1613397, '/mnt/data/venv_train/bin/python')]
  [queue] busy: [(1613397, '/mnt/data/venv_train/bin/python')]
  [queue] busy: [(1613397, '/mnt/data/venv_train/bin/python')]
  [queue] busy: [(1613397, '/mnt/data/venv_train/bin/python')]
  [queue] busy: [(1613397, '/mnt/data/venv_train/bin/python')]
